Publics by module

CKEY         size = 285
	CKey::GetKey(int)                 CKey::_MSC()
	CKey::k                           CKey::msc
	CKey::s                         

COEFF        size = 212
	COEFF::COEFF(float,float,float,float)  COEFF::COEFF()
	COEFF::set(float,float,float,float)

DEMO         size = 4851
	demo()                            drawxygrid()
	showd()                         

ELLIPSOD     size = 5770
	ellipsoid::ellipsoid(float,float,float,int,int)  ellipsoid::ellipsoid()
	ellipsoid::IsHidden(PNT)          ellipsoid::draw()
	ellipsoid::remember()             ellipsoid::rotate(PNT,PNT,float,char)
	ellipsoid::sellipsoid(float,float,float,int,int)  ellipsoid::shift(PNT,char)

HEXAHEDR     size = 14484
	hexahedron::hexahedron(PNT,PNT,PNT,PNT,PNT,PNT)  hexahedron::hexahedron()
	hexahedron::IsHidden(PNT)         hexahedron::draw()
	hexahedron::remember()            hexahedron::rotate(PNT,PNT,float,char)
	hexahedron::shexahedron(PNT,PNT,PNT,PNT,PNT,PNT)  hexahedron::shift(PNT,char)

INTRFMOU     size = 2059
	absmouseinterface(int)            getabsmousepos(float near&,float near&,int)
	getrelmousepos(float near&,float near&,int)  relmouseinterface(int)

LINSEGAX     size = 707
	axes(float,char)                  drawline(PNT,PNT)
	drawseg(PNT,PNT)                

MODE         size = 6822
	Mode::SetPages(int)               Mode::SwapPages()
	Mode::VisualizeActivePage()       Mode::aspcorr
	Mode::close()                     Mode::cx
	Mode::cy                          Mode::cz
	Mode::d                           Mode::defaultfocallen
	Mode::defaultpivot                Mode::defaultpnt
	Mode::focallen                    Mode::getall(char near&,float near&,PNT near&,PNT near&,float near&,COEFF near&,COEFF near&,float near&,int near&,int near&)
	Mode::getasp(float near&)         Mode::getdes(PNT near&)
	Mode::getfocallen(float near&)    Mode::getlm(COEFF near&,COEFF near&)
	Mode::getn(COEFF near&)           Mode::getproj(char near&)
	Mode::getscale(float near&)       Mode::getsou(PNT near&)
	Mode::getxmax(int near&)          Mode::getymax(int near&)
	Mode::graph                       Mode::init(char,float,float)
	Mode::l                           Mode::len
	Mode::m                           Mode::maxx
	Mode::maxy                        Mode::message(char near*,char)
	Mode::n                           Mode::offx
	Mode::offy                        Mode::offz
	Mode::pageno                      Mode::pivot
	Mode::pix(PNT)                    Mode::proj
	Mode::s                           Mode::saveasdefault()
	Mode::scale                       Mode::setabsorientation(float,float,float)
	Mode::setdefaultorientation()     Mode::setfocallen(float)
	Mode::setgm(int,char)             Mode::setoffset(float,float,float)
	Mode::setpivot(char)              Mode::setpivotpnt(char,PNT)
	Mode::setproj(char)               Mode::setrelorientation(float,float,float)
	Mode::setscale(float)             Mode::sx
	Mode::sy                          Mode::sz
	Mode::t                           __Cl_os_eR__()

MOUSE        size = 1747
	Mouse::Mouse()                    Mouse::~Mouse()
	Mouse::CheckDriver()              Mouse::CondOff
	Mouse::ConditionalOff(int,int,int,int)  Mouse::CursorOnOff
	Mouse::DoubleSpeedThreshold       Mouse::GetButtonPress()
	Mouse::GetButtonRelease()         Mouse::GetDriverVersionTypeIrqNo()
	Mouse::GetHotSpot()               Mouse::GetMax()
	Mouse::GetMickeyCountsAndMask()   Mouse::GetPage()
	Mouse::GetPositionAndButtonStatus()  Mouse::GetSensitivity()
	Mouse::GetWindow()                Mouse::GraphicsScreenMask
	Mouse::HideCursor()               Mouse::HotSpot_x
	Mouse::HotSpot_y                  Mouse::INSTALLED
	Mouse::Irq                        Mouse::LeftButtonPress_x
	Mouse::LeftButtonPress_y          Mouse::LeftButtonPresses
	Mouse::LeftButtonRelease_x        Mouse::LeftButtonRelease_y
	Mouse::LeftButtonReleases         Mouse::MickeyCount_x
	Mouse::MickeyCount_y              Mouse::MickeyCounts_x
	Mouse::MickeyCounts_y             Mouse::MickeySensitivity_x
	Mouse::MickeySensitivity_y        Mouse::NoOfButtons
	Mouse::PageNo                     Mouse::ReadMotionCounters()
	Mouse::Reset()                    Mouse::RestoreDriverState()
	Mouse::RightButtonPress_x         Mouse::RightButtonPress_y
	Mouse::RightButtonPresses         Mouse::RightButtonRelease_x
	Mouse::RightButtonRelease_y       Mouse::RightButtonReleases
	Mouse::SaveDriverState()          Mouse::SetCursorPosition(int,int)
	Mouse::SetGraphicsCursorBlock(int,int,unsigned int near*)  Mouse::SetPage(int)
	Mouse::SetSensitivity(int,int,int)  Mouse::SetTextCursorBlock(int,int)
	Mouse::SetWindow(int,int,int,int)  Mouse::ShowCursor()
	Mouse::SoftwareReset()            Mouse::TextCursorMask
	Mouse::TextScreenMask             Mouse::Type
	Mouse::VersionNo                  Mouse::Window
	Mouse::b                          Mouse::i
	Mouse::maxx                       Mouse::maxy
	Mouse::o                          Mouse::x
	Mouse::y                        

PIX          size = 148
	PIX::putpix(PNT)                

PLANE        size = 279
	plane(PNT,PNT,PNT)              

PNT          size = 1077
	operator *(PNT,float)             operator *(float,PNT)
	PNT::operator +(PNT)              PNT::operator +()
	PNT::PNT(float,float,float,int,int)  PNT::PNT()
	PNT::operator *(PNT)              PNT::operator -(PNT)
	PNT::operator -()                 PNT::operator ^(PNT)
	PNT::distance_2(PNT,PNT)          PNT::point(float,float,float,int,int)
	PNT::set(float,float,float,int,int)

VOBJBASE     size = 312
	VObjBase::VObjBase()              VObjBase::~VObjBase()
	VObjBase::DeleteObjPtrPtr()       VObjBase::GetCount()
	VObjBase::HideSetup(int)          VObjBase::IsHiddenByAny(PNT)
	VObjBase::ObjCount                VObjBase::ObjPtrPtr
	VObjBase::Reset()               
